// Jest Snapshot v1, https://goo.gl/fbAQLP

exports[`ItemComponent render 1`] = `
ShallowWrapper {
  Symbol(enzyme.__root__): [Circular],
  Symbol(enzyme.__unrendered__): <ItemComponent />,
  Symbol(enzyme.__renderer__): Object {
    "batchedUpdates": [Function],
    "getNode": [Function],
    "render": [Function],
    "simulateError": [Function],
    "simulateEvent": [Function],
    "unmount": [Function],
  },
  Symbol(enzyme.__node__): Object {
    "instance": null,
    "key": undefined,
    "nodeType": "function",
    "props": Object {
      "children": <Item>
        <ItemContent>
          <Container
            fluid={true}
          >
            <Container
              as="h1"
            >
              <ItemHeader
                as={[Function]}
                to="/"
              />
            </Container>
            <Container
              as={[Function]}
              textAlign="center"
            />
            <Divider />
            <Container
              textAlign="center"
            >
              <p />
            </Container>
            <Container
              as={[Function]}
            />
          </Container>
        </ItemContent>
      </Item>,
    },
    "ref": null,
    "rendered": Object {
      "instance": null,
      "key": undefined,
      "nodeType": "function",
      "props": Object {
        "children": Array [
          undefined,
          <ItemContent>
            <Container
              fluid={true}
            >
              <Container
                as="h1"
              >
                <ItemHeader
                  as={[Function]}
                  to="/"
                />
              </Container>
              <Container
                as={[Function]}
                textAlign="center"
              />
              <Divider />
              <Container
                textAlign="center"
              >
                <p />
              </Container>
              <Container
                as={[Function]}
              />
            </Container>
          </ItemContent>,
        ],
      },
      "ref": null,
      "rendered": Array [
        undefined,
        Object {
          "instance": null,
          "key": undefined,
          "nodeType": "function",
          "props": Object {
            "children": <Container
              fluid={true}
            >
              <Container
                as="h1"
              >
                <ItemHeader
                  as={[Function]}
                  to="/"
                />
              </Container>
              <Container
                as={[Function]}
                textAlign="center"
              />
              <Divider />
              <Container
                textAlign="center"
              >
                <p />
              </Container>
              <Container
                as={[Function]}
              />
            </Container>,
          },
          "ref": null,
          "rendered": Object {
            "instance": null,
            "key": undefined,
            "nodeType": "function",
            "props": Object {
              "children": Array [
                <Container
                  as="h1"
                >
                  <ItemHeader
                    as={[Function]}
                    to="/"
                  />
                </Container>,
                <Container
                  as={[Function]}
                  textAlign="center"
                />,
                <Divider />,
                <Container
                  textAlign="center"
                >
                  <p />
                </Container>,
                <Container
                  as={[Function]}
                />,
              ],
              "fluid": true,
            },
            "ref": null,
            "rendered": Array [
              Object {
                "instance": null,
                "key": undefined,
                "nodeType": "function",
                "props": Object {
                  "as": "h1",
                  "children": <ItemHeader
                    as={[Function]}
                    to="/"
                  />,
                },
                "ref": null,
                "rendered": Object {
                  "instance": null,
                  "key": undefined,
                  "nodeType": "function",
                  "props": Object {
                    "as": [Function],
                    "children": undefined,
                    "to": "/",
                  },
                  "ref": null,
                  "rendered": null,
                  "type": [Function],
                },
                "type": [Function],
              },
              Object {
                "instance": null,
                "key": undefined,
                "nodeType": "function",
                "props": Object {
                  "as": [Function],
                  "children": undefined,
                  "textAlign": "center",
                },
                "ref": null,
                "rendered": null,
                "type": [Function],
              },
              Object {
                "instance": null,
                "key": undefined,
                "nodeType": "function",
                "props": Object {},
                "ref": null,
                "rendered": null,
                "type": [Function],
              },
              Object {
                "instance": null,
                "key": undefined,
                "nodeType": "function",
                "props": Object {
                  "children": <p />,
                  "textAlign": "center",
                },
                "ref": null,
                "rendered": Object {
                  "instance": null,
                  "key": undefined,
                  "nodeType": "host",
                  "props": Object {
                    "children": undefined,
                  },
                  "ref": null,
                  "rendered": null,
                  "type": "p",
                },
                "type": [Function],
              },
              Object {
                "instance": null,
                "key": undefined,
                "nodeType": "function",
                "props": Object {
                  "as": [Function],
                  "children": undefined,
                },
                "ref": null,
                "rendered": null,
                "type": [Function],
              },
            ],
            "type": [Function],
          },
          "type": [Function],
        },
      ],
      "type": [Function],
    },
    "type": [Function],
  },
  Symbol(enzyme.__nodes__): Array [
    Object {
      "instance": null,
      "key": undefined,
      "nodeType": "function",
      "props": Object {
        "children": <Item>
          <ItemContent>
            <Container
              fluid={true}
            >
              <Container
                as="h1"
              >
                <ItemHeader
                  as={[Function]}
                  to="/"
                />
              </Container>
              <Container
                as={[Function]}
                textAlign="center"
              />
              <Divider />
              <Container
                textAlign="center"
              >
                <p />
              </Container>
              <Container
                as={[Function]}
              />
            </Container>
          </ItemContent>
        </Item>,
      },
      "ref": null,
      "rendered": Object {
        "instance": null,
        "key": undefined,
        "nodeType": "function",
        "props": Object {
          "children": Array [
            undefined,
            <ItemContent>
              <Container
                fluid={true}
              >
                <Container
                  as="h1"
                >
                  <ItemHeader
                    as={[Function]}
                    to="/"
                  />
                </Container>
                <Container
                  as={[Function]}
                  textAlign="center"
                />
                <Divider />
                <Container
                  textAlign="center"
                >
                  <p />
                </Container>
                <Container
                  as={[Function]}
                />
              </Container>
            </ItemContent>,
          ],
        },
        "ref": null,
        "rendered": Array [
          undefined,
          Object {
            "instance": null,
            "key": undefined,
            "nodeType": "function",
            "props": Object {
              "children": <Container
                fluid={true}
              >
                <Container
                  as="h1"
                >
                  <ItemHeader
                    as={[Function]}
                    to="/"
                  />
                </Container>
                <Container
                  as={[Function]}
                  textAlign="center"
                />
                <Divider />
                <Container
                  textAlign="center"
                >
                  <p />
                </Container>
                <Container
                  as={[Function]}
                />
              </Container>,
            },
            "ref": null,
            "rendered": Object {
              "instance": null,
              "key": undefined,
              "nodeType": "function",
              "props": Object {
                "children": Array [
                  <Container
                    as="h1"
                  >
                    <ItemHeader
                      as={[Function]}
                      to="/"
                    />
                  </Container>,
                  <Container
                    as={[Function]}
                    textAlign="center"
                  />,
                  <Divider />,
                  <Container
                    textAlign="center"
                  >
                    <p />
                  </Container>,
                  <Container
                    as={[Function]}
                  />,
                ],
                "fluid": true,
              },
              "ref": null,
              "rendered": Array [
                Object {
                  "instance": null,
                  "key": undefined,
                  "nodeType": "function",
                  "props": Object {
                    "as": "h1",
                    "children": <ItemHeader
                      as={[Function]}
                      to="/"
                    />,
                  },
                  "ref": null,
                  "rendered": Object {
                    "instance": null,
                    "key": undefined,
                    "nodeType": "function",
                    "props": Object {
                      "as": [Function],
                      "children": undefined,
                      "to": "/",
                    },
                    "ref": null,
                    "rendered": null,
                    "type": [Function],
                  },
                  "type": [Function],
                },
                Object {
                  "instance": null,
                  "key": undefined,
                  "nodeType": "function",
                  "props": Object {
                    "as": [Function],
                    "children": undefined,
                    "textAlign": "center",
                  },
                  "ref": null,
                  "rendered": null,
                  "type": [Function],
                },
                Object {
                  "instance": null,
                  "key": undefined,
                  "nodeType": "function",
                  "props": Object {},
                  "ref": null,
                  "rendered": null,
                  "type": [Function],
                },
                Object {
                  "instance": null,
                  "key": undefined,
                  "nodeType": "function",
                  "props": Object {
                    "children": <p />,
                    "textAlign": "center",
                  },
                  "ref": null,
                  "rendered": Object {
                    "instance": null,
                    "key": undefined,
                    "nodeType": "host",
                    "props": Object {
                      "children": undefined,
                    },
                    "ref": null,
                    "rendered": null,
                    "type": "p",
                  },
                  "type": [Function],
                },
                Object {
                  "instance": null,
                  "key": undefined,
                  "nodeType": "function",
                  "props": Object {
                    "as": [Function],
                    "children": undefined,
                  },
                  "ref": null,
                  "rendered": null,
                  "type": [Function],
                },
              ],
              "type": [Function],
            },
            "type": [Function],
          },
        ],
        "type": [Function],
      },
      "type": [Function],
    },
  ],
  Symbol(enzyme.__options__): Object {
    "adapter": ReactSixteenAdapter {
      "options": Object {
        "enableComponentDidUpdateOnSetState": true,
        "lifecycles": Object {
          "componentDidUpdate": Object {
            "onSetState": true,
          },
          "getDerivedStateFromProps": true,
          "getSnapshotBeforeUpdate": true,
          "setState": Object {
            "skipsComponentDidUpdateOnNullish": true,
          },
        },
      },
    },
  },
}
`;
